[1.109s] Invoking command in '/home/akhmad/ros2_ws/my_first_pkg': DEBUGINFOD_URLS=https://debuginfod.ubuntu.com PYTHONPATH=/home/akhmad/ros2_ws/build/my_first_pkg/prefix_override:/usr/lib/python3/dist-packages/colcon_core/task/python/colcon_distutils_commands:/home/akhmad/ros2_ws/install/my_first_pkg/lib/python3.12/site-packages:${PYTHONPATH} /usr/bin/python3 -W ignore:setup.py install is deprecated -W ignore:easy_install command is deprecated setup.py egg_info --egg-base ../build/my_first_pkg build --build-base /home/akhmad/ros2_ws/build/my_first_pkg/build install --record /home/akhmad/ros2_ws/build/my_first_pkg/install.log --single-version-externally-managed install_data
[1.388s] running egg_info
[1.389s] creating ../build/my_first_pkg/my_first_pkg.egg-info
[1.411s] writing ../build/my_first_pkg/my_first_pkg.egg-info/PKG-INFO
[1.411s] writing dependency_links to ../build/my_first_pkg/my_first_pkg.egg-info/dependency_links.txt
[1.412s] writing requirements to ../build/my_first_pkg/my_first_pkg.egg-info/requires.txt
[1.412s] writing top-level names to ../build/my_first_pkg/my_first_pkg.egg-info/top_level.txt
[1.412s] writing manifest file '../build/my_first_pkg/my_first_pkg.egg-info/SOURCES.txt'
[1.456s] reading manifest file '../build/my_first_pkg/my_first_pkg.egg-info/SOURCES.txt'
[1.456s] writing manifest file '../build/my_first_pkg/my_first_pkg.egg-info/SOURCES.txt'
[1.457s] running build
[1.457s] running build_py
[1.457s] creating /home/akhmad/ros2_ws/build/my_first_pkg/build
[1.457s] creating /home/akhmad/ros2_ws/build/my_first_pkg/build/lib
[1.457s] creating /home/akhmad/ros2_ws/build/my_first_pkg/build/lib/my_first_pkg
[1.457s] copying my_first_pkg/__init__.py -> /home/akhmad/ros2_ws/build/my_first_pkg/build/lib/my_first_pkg
[1.458s] running install
[1.464s] running install_lib
[1.485s] creating /home/akhmad/ros2_ws/install/my_first_pkg/lib/python3.12/site-packages/my_first_pkg
[1.485s] copying /home/akhmad/ros2_ws/build/my_first_pkg/build/lib/my_first_pkg/__init__.py -> /home/akhmad/ros2_ws/install/my_first_pkg/lib/python3.12/site-packages/my_first_pkg
[1.486s] byte-compiling /home/akhmad/ros2_ws/install/my_first_pkg/lib/python3.12/site-packages/my_first_pkg/__init__.py to __init__.cpython-312.pyc
[1.486s] running install_data
[1.486s] creating /home/akhmad/ros2_ws/install/my_first_pkg/share/ament_index
[1.486s] creating /home/akhmad/ros2_ws/install/my_first_pkg/share/ament_index/resource_index
[1.486s] creating /home/akhmad/ros2_ws/install/my_first_pkg/share/ament_index/resource_index/packages
[1.487s] copying resource/my_first_pkg -> /home/akhmad/ros2_ws/install/my_first_pkg/share/ament_index/resource_index/packages
[1.487s] copying package.xml -> /home/akhmad/ros2_ws/install/my_first_pkg/share/my_first_pkg
[1.487s] running install_egg_info
[1.512s] Copying ../build/my_first_pkg/my_first_pkg.egg-info to /home/akhmad/ros2_ws/install/my_first_pkg/lib/python3.12/site-packages/my_first_pkg-0.0.0-py3.12.egg-info
[1.513s] running install_scripts
[1.651s] writing list of installed files to '/home/akhmad/ros2_ws/build/my_first_pkg/install.log'
[1.673s] Invoked command in '/home/akhmad/ros2_ws/my_first_pkg' returned '0': DEBUGINFOD_URLS=https://debuginfod.ubuntu.com PYTHONPATH=/home/akhmad/ros2_ws/build/my_first_pkg/prefix_override:/usr/lib/python3/dist-packages/colcon_core/task/python/colcon_distutils_commands:/home/akhmad/ros2_ws/install/my_first_pkg/lib/python3.12/site-packages:${PYTHONPATH} /usr/bin/python3 -W ignore:setup.py install is deprecated -W ignore:easy_install command is deprecated setup.py egg_info --egg-base ../build/my_first_pkg build --build-base /home/akhmad/ros2_ws/build/my_first_pkg/build install --record /home/akhmad/ros2_ws/build/my_first_pkg/install.log --single-version-externally-managed install_data
