running egg_info
writing ../../build/my_first_pkg/my_first_pkg.egg-info/PKG-INFO
writing dependency_links to ../../build/my_first_pkg/my_first_pkg.egg-info/dependency_links.txt
writing entry points to ../../build/my_first_pkg/my_first_pkg.egg-info/entry_points.txt
writing requirements to ../../build/my_first_pkg/my_first_pkg.egg-info/requires.txt
writing top-level names to ../../build/my_first_pkg/my_first_pkg.egg-info/top_level.txt
reading manifest file '../../build/my_first_pkg/my_first_pkg.egg-info/SOURCES.txt'
writing manifest file '../../build/my_first_pkg/my_first_pkg.egg-info/SOURCES.txt'
running build
running build_py
copying my_first_pkg/__init__.py -> /home/akhmad/ros2_ws/build/my_first_pkg/build/lib/my_first_pkg
copying my_first_pkg/subscriber.py -> /home/akhmad/ros2_ws/build/my_first_pkg/build/lib/my_first_pkg
copying my_first_pkg/publisher.py -> /home/akhmad/ros2_ws/build/my_first_pkg/build/lib/my_first_pkg
running install
running install_lib
copying /home/akhmad/ros2_ws/build/my_first_pkg/build/lib/my_first_pkg/__init__.py -> /home/akhmad/ros2_ws/install/my_first_pkg/lib/python3.12/site-packages/my_first_pkg
copying /home/akhmad/ros2_ws/build/my_first_pkg/build/lib/my_first_pkg/subscriber.py -> /home/akhmad/ros2_ws/install/my_first_pkg/lib/python3.12/site-packages/my_first_pkg
copying /home/akhmad/ros2_ws/build/my_first_pkg/build/lib/my_first_pkg/publisher.py -> /home/akhmad/ros2_ws/install/my_first_pkg/lib/python3.12/site-packages/my_first_pkg
byte-compiling /home/akhmad/ros2_ws/install/my_first_pkg/lib/python3.12/site-packages/my_first_pkg/__init__.py to __init__.cpython-312.pyc
byte-compiling /home/akhmad/ros2_ws/install/my_first_pkg/lib/python3.12/site-packages/my_first_pkg/subscriber.py to subscriber.cpython-312.pyc
byte-compiling /home/akhmad/ros2_ws/install/my_first_pkg/lib/python3.12/site-packages/my_first_pkg/publisher.py to publisher.cpython-312.pyc
running install_data
copying resource/my_first_pkg -> /home/akhmad/ros2_ws/install/my_first_pkg/share/ament_index/resource_index/packages
copying package.xml -> /home/akhmad/ros2_ws/install/my_first_pkg/share/my_first_pkg
running install_egg_info
removing '/home/akhmad/ros2_ws/install/my_first_pkg/lib/python3.12/site-packages/my_first_pkg-0.0.0-py3.12.egg-info' (and everything under it)
Copying ../../build/my_first_pkg/my_first_pkg.egg-info to /home/akhmad/ros2_ws/install/my_first_pkg/lib/python3.12/site-packages/my_first_pkg-0.0.0-py3.12.egg-info
running install_scripts
Installing publisher script to /home/akhmad/ros2_ws/install/my_first_pkg/lib/my_first_pkg
Installing subscriber script to /home/akhmad/ros2_ws/install/my_first_pkg/lib/my_first_pkg
writing list of installed files to '/home/akhmad/ros2_ws/build/my_first_pkg/install.log'
